mode: set
github.com/skosovsky/guardy/guardy.go:54.38,55.11 1 1
github.com/skosovsky/guardy/guardy.go:56.13,57.11 1 1
github.com/skosovsky/guardy/guardy.go:58.16,59.11 1 1
github.com/skosovsky/guardy/guardy.go:60.14,61.11 1 1
github.com/skosovsky/guardy/guardy.go:62.13,63.11 1 1
github.com/skosovsky/guardy/guardy.go:64.12,65.11 1 1
github.com/skosovsky/guardy/guardy.go:66.10,67.11 1 0
github.com/skosovsky/guardy/middleware.go:14.103,15.46 1 1
github.com/skosovsky/guardy/middleware.go:15.46,16.72 1 1
github.com/skosovsky/guardy/middleware.go:16.72,19.18 3 1
github.com/skosovsky/guardy/middleware.go:19.18,22.5 2 0
github.com/skosovsky/guardy/middleware.go:23.4,24.18 2 1
github.com/skosovsky/guardy/middleware.go:24.18,27.5 2 0
github.com/skosovsky/guardy/middleware.go:28.4,28.30 1 1
github.com/skosovsky/guardy/middleware.go:29.15,31.11 2 1
github.com/skosovsky/guardy/middleware.go:32.18,36.11 4 1
github.com/skosovsky/guardy/middleware.go:37.16,40.31 3 1
github.com/skosovsky/guardy/middleware.go:40.31,43.6 2 1
github.com/skosovsky/guardy/middleware.go:44.5,45.11 2 1
github.com/skosovsky/guardy/middleware.go:46.14,49.11 3 1
github.com/skosovsky/guardy/middleware.go:50.15,52.11 2 0
github.com/skosovsky/guardy/middleware.go:53.12,55.42 2 0
github.com/skosovsky/guardy/middleware.go:61.36,62.43 1 1
github.com/skosovsky/guardy/middleware.go:62.43,64.3 1 1
github.com/skosovsky/guardy/middleware.go:65.2,65.18 1 0
github.com/skosovsky/guardy/middleware.go:68.38,69.43 1 1
github.com/skosovsky/guardy/middleware.go:69.43,71.3 1 1
github.com/skosovsky/guardy/middleware.go:72.2,72.28 1 0
github.com/skosovsky/guardy/middleware.go:76.40,77.25 1 1
github.com/skosovsky/guardy/middleware.go:77.25,79.3 1 0
github.com/skosovsky/guardy/middleware.go:80.2,82.38 3 1
github.com/skosovsky/guardy/middleware.go:82.38,84.20 2 0
github.com/skosovsky/guardy/middleware.go:84.20,87.4 2 0
github.com/skosovsky/guardy/middleware.go:89.2,89.13 1 1
github.com/skosovsky/guardy/middleware.go:94.69,96.2 1 1
github.com/skosovsky/guardy/middleware.go:99.60,102.2 2 1
github.com/skosovsky/guardy/middleware.go:104.78,108.2 3 1
github.com/skosovsky/guardy/pipeline.go:26.47,27.27 1 1
github.com/skosovsky/guardy/pipeline.go:27.27,29.3 1 1
github.com/skosovsky/guardy/pipeline.go:33.47,34.27 1 1
github.com/skosovsky/guardy/pipeline.go:34.27,36.3 1 1
github.com/skosovsky/guardy/pipeline.go:40.47,41.27 1 0
github.com/skosovsky/guardy/pipeline.go:41.27,43.3 1 0
github.com/skosovsky/guardy/pipeline.go:47.49,48.27 1 1
github.com/skosovsky/guardy/pipeline.go:48.27,50.3 1 1
github.com/skosovsky/guardy/pipeline.go:54.49,55.27 1 1
github.com/skosovsky/guardy/pipeline.go:55.27,57.3 1 1
github.com/skosovsky/guardy/pipeline.go:61.53,62.27 1 1
github.com/skosovsky/guardy/pipeline.go:62.27,64.3 1 1
github.com/skosovsky/guardy/pipeline.go:68.83,69.27 1 1
github.com/skosovsky/guardy/pipeline.go:69.27,71.3 1 1
github.com/skosovsky/guardy/pipeline.go:75.52,80.27 2 1
github.com/skosovsky/guardy/pipeline.go:80.27,82.3 1 1
github.com/skosovsky/guardy/pipeline.go:83.2,83.10 1 1
github.com/skosovsky/guardy/pipeline.go:88.74,93.29 4 1
github.com/skosovsky/guardy/pipeline.go:93.29,94.35 1 1
github.com/skosovsky/guardy/pipeline.go:94.35,100.4 1 1
github.com/skosovsky/guardy/pipeline.go:101.3,101.21 1 1
github.com/skosovsky/guardy/pipeline.go:101.21,102.12 1 1
github.com/skosovsky/guardy/pipeline.go:105.3,106.36 2 1
github.com/skosovsky/guardy/pipeline.go:106.36,112.4 1 1
github.com/skosovsky/guardy/pipeline.go:113.3,113.42 1 1
github.com/skosovsky/guardy/pipeline.go:113.42,114.12 1 0
github.com/skosovsky/guardy/pipeline.go:117.3,122.26 2 1
github.com/skosovsky/guardy/pipeline.go:122.26,124.47 2 1
github.com/skosovsky/guardy/pipeline.go:124.47,126.5 1 1
github.com/skosovsky/guardy/pipeline.go:130.3,131.40 2 1
github.com/skosovsky/guardy/pipeline.go:131.40,137.4 1 1
github.com/skosovsky/guardy/pipeline.go:138.3,138.51 1 1
github.com/skosovsky/guardy/pipeline.go:138.51,145.4 1 1
github.com/skosovsky/guardy/pipeline.go:147.3,147.20 1 1
github.com/skosovsky/guardy/pipeline.go:150.2,156.8 2 1
github.com/skosovsky/guardy/pipeline.go:161.98,168.25 4 1
github.com/skosovsky/guardy/pipeline.go:168.25,170.31 2 1
github.com/skosovsky/guardy/pipeline.go:170.31,175.25 5 1
github.com/skosovsky/guardy/pipeline.go:175.25,177.5 1 1
github.com/skosovsky/guardy/pipeline.go:178.4,178.23 1 1
github.com/skosovsky/guardy/pipeline.go:178.23,179.19 1 1
github.com/skosovsky/guardy/pipeline.go:179.19,181.6 1 0
github.com/skosovsky/guardy/pipeline.go:181.11,183.6 1 1
github.com/skosovsky/guardy/pipeline.go:185.4,185.42 1 1
github.com/skosovsky/guardy/pipeline.go:188.2,192.29 4 1
github.com/skosovsky/guardy/pipeline.go:192.29,193.20 1 1
github.com/skosovsky/guardy/pipeline.go:193.20,194.23 1 1
github.com/skosovsky/guardy/pipeline.go:194.23,196.5 1 1
github.com/skosovsky/guardy/pipeline.go:197.4,197.19 1 1
github.com/skosovsky/guardy/pipeline.go:197.19,199.5 1 1
github.com/skosovsky/guardy/pipeline.go:200.4,200.12 1 1
github.com/skosovsky/guardy/pipeline.go:202.3,202.31 1 1
github.com/skosovsky/guardy/pipeline.go:204.2,204.22 1 1
github.com/skosovsky/guardy/pipeline.go:208.58,212.25 4 1
github.com/skosovsky/guardy/pipeline.go:212.25,215.20 3 1
github.com/skosovsky/guardy/pipeline.go:215.20,218.52 3 1
github.com/skosovsky/guardy/pipeline.go:218.52,220.5 1 1
github.com/skosovsky/guardy/pipeline.go:220.10,222.5 1 1
github.com/skosovsky/guardy/pipeline.go:225.2,225.16 1 1
github.com/skosovsky/guardy/pipeline.go:225.16,227.3 1 1
github.com/skosovsky/guardy/pipeline.go:228.2,228.27 1 1
github.com/skosovsky/guardy/stream.go:23.40,24.36 1 1
github.com/skosovsky/guardy/stream.go:24.36,26.3 1 1
github.com/skosovsky/guardy/stream.go:32.83,33.36 1 1
github.com/skosovsky/guardy/stream.go:33.36,35.3 1 1
github.com/skosovsky/guardy/stream.go:41.48,42.36 1 1
github.com/skosovsky/guardy/stream.go:42.36,43.62 1 1
github.com/skosovsky/guardy/stream.go:43.62,45.4 1 1
github.com/skosovsky/guardy/stream.go:61.82,65.27 2 1
github.com/skosovsky/guardy/stream.go:65.27,67.3 1 1
github.com/skosovsky/guardy/stream.go:68.2,68.27 1 1
github.com/skosovsky/guardy/stream.go:68.27,70.3 1 0
github.com/skosovsky/guardy/stream.go:71.2,76.3 1 1
github.com/skosovsky/guardy/stream.go:82.58,85.14 3 1
github.com/skosovsky/guardy/stream.go:85.14,87.3 1 1
github.com/skosovsky/guardy/stream.go:88.2,90.39 3 1
github.com/skosovsky/guardy/stream.go:90.39,93.50 3 1
github.com/skosovsky/guardy/stream.go:93.50,96.4 2 1
github.com/skosovsky/guardy/stream.go:98.2,98.15 1 1
github.com/skosovsky/guardy/stream.go:102.37,105.14 3 1
github.com/skosovsky/guardy/stream.go:105.14,107.3 1 0
github.com/skosovsky/guardy/stream.go:108.2,108.20 1 1
github.com/skosovsky/guardy/stream.go:108.20,109.51 1 1
github.com/skosovsky/guardy/stream.go:109.51,112.4 2 1
github.com/skosovsky/guardy/stream.go:113.3,113.20 1 1
github.com/skosovsky/guardy/stream.go:115.2,115.12 1 1
github.com/skosovsky/guardy/stream.go:118.60,121.31 3 1
github.com/skosovsky/guardy/stream.go:121.31,123.3 1 1
github.com/skosovsky/guardy/stream.go:123.8,125.3 1 1
github.com/skosovsky/guardy/stream.go:126.2,129.16 4 1
github.com/skosovsky/guardy/stream.go:129.16,131.3 1 0
github.com/skosovsky/guardy/stream.go:132.2,132.28 1 1
github.com/skosovsky/guardy/stream.go:133.13,134.20 1 1
github.com/skosovsky/guardy/stream.go:135.16,136.23 1 1
github.com/skosovsky/guardy/stream.go:137.14,139.13 2 1
github.com/skosovsky/guardy/stream.go:140.19,142.13 2 1
github.com/skosovsky/guardy/stream.go:143.10,145.13 2 0
github.com/skosovsky/guardy/validator.go:21.91,22.47 1 1
github.com/skosovsky/guardy/validator.go:22.47,24.3 1 1
github.com/skosovsky/guardy/validator.go:25.2,25.41 1 1
github.com/skosovsky/guardy/validator.go:29.46,31.2 1 0
github.com/skosovsky/guardy/ext/json.go:25.43,26.23 1 0
github.com/skosovsky/guardy/ext/json.go:26.23,28.3 1 0
github.com/skosovsky/guardy/ext/json.go:33.98,42.27 4 1
github.com/skosovsky/guardy/ext/json.go:42.27,44.3 1 0
github.com/skosovsky/guardy/ext/json.go:45.2,45.10 1 1
github.com/skosovsky/guardy/ext/json.go:51.89,52.22 1 1
github.com/skosovsky/guardy/ext/json.go:52.22,54.3 1 0
github.com/skosovsky/guardy/ext/json.go:55.2,56.30 2 1
github.com/skosovsky/guardy/ext/json.go:56.30,57.32 1 1
github.com/skosovsky/guardy/ext/json.go:57.32,64.4 1 1
github.com/skosovsky/guardy/ext/json.go:65.3,65.63 1 1
github.com/skosovsky/guardy/ext/json.go:67.2,68.57 2 1
github.com/skosovsky/guardy/ext/json.go:68.57,75.3 1 0
github.com/skosovsky/guardy/ext/json.go:76.2,76.37 1 1
github.com/skosovsky/guardy/ext/json.go:76.37,77.27 1 1
github.com/skosovsky/guardy/ext/json.go:77.27,84.4 1 1
github.com/skosovsky/guardy/ext/json.go:86.2,86.62 1 1
github.com/skosovsky/guardy/ext/json.go:90.30,92.2 1 0
github.com/skosovsky/guardy/ext/length.go:26.47,27.25 1 0
github.com/skosovsky/guardy/ext/length.go:27.25,29.3 1 0
github.com/skosovsky/guardy/ext/length.go:34.101,42.27 2 1
github.com/skosovsky/guardy/ext/length.go:42.27,44.3 1 0
github.com/skosovsky/guardy/ext/length.go:45.2,45.10 1 1
github.com/skosovsky/guardy/ext/length.go:49.91,50.22 1 1
github.com/skosovsky/guardy/ext/length.go:50.22,52.3 1 0
github.com/skosovsky/guardy/ext/length.go:53.2,54.28 2 1
github.com/skosovsky/guardy/ext/length.go:54.28,61.3 1 1
github.com/skosovsky/guardy/ext/length.go:62.2,62.28 1 1
github.com/skosovsky/guardy/ext/length.go:62.28,69.3 1 1
github.com/skosovsky/guardy/ext/length.go:70.2,70.62 1 1
github.com/skosovsky/guardy/ext/length.go:74.32,76.2 1 0
github.com/skosovsky/guardy/ext/regex.go:27.49,28.24 1 1
github.com/skosovsky/guardy/ext/regex.go:28.24,30.3 1 1
github.com/skosovsky/guardy/ext/regex.go:34.45,35.24 1 0
github.com/skosovsky/guardy/ext/regex.go:35.24,37.3 1 0
github.com/skosovsky/guardy/ext/regex.go:43.103,45.16 2 1
github.com/skosovsky/guardy/ext/regex.go:45.16,47.3 1 1
github.com/skosovsky/guardy/ext/regex.go:48.2,55.27 2 1
github.com/skosovsky/guardy/ext/regex.go:55.27,57.3 1 1
github.com/skosovsky/guardy/ext/regex.go:58.2,58.15 1 1
github.com/skosovsky/guardy/ext/regex.go:62.95,64.16 2 1
github.com/skosovsky/guardy/ext/regex.go:64.16,65.13 1 1
github.com/skosovsky/guardy/ext/regex.go:67.2,67.10 1 0
github.com/skosovsky/guardy/ext/regex.go:71.90,72.22 1 1
github.com/skosovsky/guardy/ext/regex.go:72.22,74.3 1 0
github.com/skosovsky/guardy/ext/regex.go:75.2,76.29 2 1
github.com/skosovsky/guardy/ext/regex.go:76.29,78.3 1 1
github.com/skosovsky/guardy/ext/regex.go:79.2,79.18 1 1
github.com/skosovsky/guardy/ext/regex.go:80.21,88.9 2 1
github.com/skosovsky/guardy/ext/regex.go:89.10,95.9 1 1
github.com/skosovsky/guardy/ext/regex.go:100.31,102.2 1 0
github.com/skosovsky/guardy/ext/wordlist.go:37.51,38.27 1 0
github.com/skosovsky/guardy/ext/wordlist.go:38.27,40.3 1 0
github.com/skosovsky/guardy/ext/wordlist.go:44.55,45.27 1 1
github.com/skosovsky/guardy/ext/wordlist.go:45.27,47.3 1 1
github.com/skosovsky/guardy/ext/wordlist.go:53.122,55.26 2 1
github.com/skosovsky/guardy/ext/wordlist.go:55.26,57.3 1 1
github.com/skosovsky/guardy/ext/wordlist.go:58.2,66.27 2 1
github.com/skosovsky/guardy/ext/wordlist.go:66.27,68.3 1 1
github.com/skosovsky/guardy/ext/wordlist.go:69.2,69.18 1 1
github.com/skosovsky/guardy/ext/wordlist.go:69.18,71.22 2 1
github.com/skosovsky/guardy/ext/wordlist.go:71.22,73.4 1 1
github.com/skosovsky/guardy/ext/wordlist.go:74.3,74.20 1 1
github.com/skosovsky/guardy/ext/wordlist.go:76.2,76.11 1 1
github.com/skosovsky/guardy/ext/wordlist.go:80.93,81.22 1 1
github.com/skosovsky/guardy/ext/wordlist.go:81.22,83.3 1 0
github.com/skosovsky/guardy/ext/wordlist.go:84.2,85.17 2 1
github.com/skosovsky/guardy/ext/wordlist.go:85.17,87.3 1 1
github.com/skosovsky/guardy/ext/wordlist.go:88.2,89.16 2 1
github.com/skosovsky/guardy/ext/wordlist.go:90.17,91.28 1 1
github.com/skosovsky/guardy/ext/wordlist.go:91.28,92.31 1 1
github.com/skosovsky/guardy/ext/wordlist.go:92.31,99.5 1 1
github.com/skosovsky/guardy/ext/wordlist.go:101.3,101.63 1 1
github.com/skosovsky/guardy/ext/wordlist.go:102.17,103.23 1 1
github.com/skosovsky/guardy/ext/wordlist.go:103.23,110.4 1 1
github.com/skosovsky/guardy/ext/wordlist.go:111.3,111.28 1 1
github.com/skosovsky/guardy/ext/wordlist.go:111.28,112.32 1 1
github.com/skosovsky/guardy/ext/wordlist.go:112.32,119.5 1 1
github.com/skosovsky/guardy/ext/wordlist.go:121.3,121.63 1 1
github.com/skosovsky/guardy/ext/wordlist.go:122.10,123.63 1 0
github.com/skosovsky/guardy/ext/wordlist.go:128.34,130.2 1 0
github.com/skosovsky/guardy/ext/wordlist.go:132.34,134.17 2 1
github.com/skosovsky/guardy/ext/wordlist.go:134.17,136.3 1 1
github.com/skosovsky/guardy/ext/wordlist.go:137.2,137.10 1 1
github.com/skosovsky/guardy/guardytest/guardytest.go:12.72,14.2 1 1
github.com/skosovsky/guardy/guardytest/guardytest.go:17.64,19.2 1 1
github.com/skosovsky/guardy/guardytest/guardytest.go:22.51,24.39 2 1
github.com/skosovsky/guardy/guardytest/guardytest.go:24.39,26.3 1 0
github.com/skosovsky/guardy/guardytest/guardytest.go:30.52,32.40 2 1
github.com/skosovsky/guardy/guardytest/guardytest.go:32.40,34.3 1 0
github.com/skosovsky/guardy/guardytest/guardytest.go:38.53,40.41 2 1
github.com/skosovsky/guardy/guardytest/guardytest.go:40.41,42.3 1 0
github.com/skosovsky/guardy/guardytest/guardytest.go:46.55,48.43 2 1
github.com/skosovsky/guardy/guardytest/guardytest.go:48.43,50.3 1 0
github.com/skosovsky/guardy/guardytest/guardytest.go:54.52,56.40 2 1
github.com/skosovsky/guardy/guardytest/guardytest.go:56.40,58.3 1 0
github.com/skosovsky/guardy/guardytest/guardytest.go:62.41,64.2 1 1
github.com/skosovsky/guardy/guardytest/guardytest.go:72.38,74.2 1 1
github.com/skosovsky/guardy/guardytest/guardytest.go:77.53,80.2 2 1
github.com/skosovsky/guardy/guardytest/guardytest.go:83.65,86.2 2 1
github.com/skosovsky/guardy/guardytest/guardytest.go:89.72,92.2 2 1
github.com/skosovsky/guardy/guardytest/guardytest.go:95.45,97.2 1 1
github.com/skosovsky/guardy/guardytest/guardytest.go:104.88,106.2 1 1
github.com/skosovsky/guardy/guardytest/guardytest.go:108.39,110.2 1 1
github.com/skosovsky/guardy/guardytest/guardytest.go:117.91,119.2 1 1
github.com/skosovsky/guardy/guardytest/guardytest.go:121.42,123.2 1 0
